Archive member included to satisfy reference by file (symbol)

/usr/lib/gcc/arm-none-eabi/14.2.0/../../../../arm-none-eabi/lib/thumb/v7e-m+fp/hard/libc_nano.a(libc_a-atexit.o)
                              /usr/lib/gcc/arm-none-eabi/14.2.0/../../../../arm-none-eabi/lib/thumb/v7e-m+fp/hard/crt0.o (atexit)
/usr/lib/gcc/arm-none-eabi/14.2.0/../../../../arm-none-eabi/lib/thumb/v7e-m+fp/hard/libc_nano.a(libc_a-exit.o)
                              /usr/lib/gcc/arm-none-eabi/14.2.0/../../../../arm-none-eabi/lib/thumb/v7e-m+fp/hard/crt0.o (exit)
/usr/lib/gcc/arm-none-eabi/14.2.0/../../../../arm-none-eabi/lib/thumb/v7e-m+fp/hard/libc_nano.a(libc_a-findfp.o)
                              /usr/lib/gcc/arm-none-eabi/14.2.0/../../../../arm-none-eabi/lib/thumb/v7e-m+fp/hard/libc_nano.a(libc_a-exit.o) (__stdio_exit_handler)
/usr/lib/gcc/arm-none-eabi/14.2.0/../../../../arm-none-eabi/lib/thumb/v7e-m+fp/hard/libc_nano.a(libc_a-fwalk.o)
                              /usr/lib/gcc/arm-none-eabi/14.2.0/../../../../arm-none-eabi/lib/thumb/v7e-m+fp/hard/libc_nano.a(libc_a-findfp.o) (_fwalk_sglue)
/usr/lib/gcc/arm-none-eabi/14.2.0/../../../../arm-none-eabi/lib/thumb/v7e-m+fp/hard/libc_nano.a(libc_a-stdio.o)
                              /usr/lib/gcc/arm-none-eabi/14.2.0/../../../../arm-none-eabi/lib/thumb/v7e-m+fp/hard/libc_nano.a(libc_a-findfp.o) (__sread)
/usr/lib/gcc/arm-none-eabi/14.2.0/../../../../arm-none-eabi/lib/thumb/v7e-m+fp/hard/libc_nano.a(libc_a-memset.o)
                              /usr/lib/gcc/arm-none-eabi/14.2.0/../../../../arm-none-eabi/lib/thumb/v7e-m+fp/hard/crt0.o (memset)
/usr/lib/gcc/arm-none-eabi/14.2.0/../../../../arm-none-eabi/lib/thumb/v7e-m+fp/hard/libc_nano.a(libc_a-closer.o)
                              /usr/lib/gcc/arm-none-eabi/14.2.0/../../../../arm-none-eabi/lib/thumb/v7e-m+fp/hard/libc_nano.a(libc_a-stdio.o) (_close_r)
/usr/lib/gcc/arm-none-eabi/14.2.0/../../../../arm-none-eabi/lib/thumb/v7e-m+fp/hard/libc_nano.a(libc_a-reent.o)
                              /usr/lib/gcc/arm-none-eabi/14.2.0/../../../../arm-none-eabi/lib/thumb/v7e-m+fp/hard/libc_nano.a(libc_a-closer.o) (errno)
/usr/lib/gcc/arm-none-eabi/14.2.0/../../../../arm-none-eabi/lib/thumb/v7e-m+fp/hard/libc_nano.a(libc_a-impure.o)
                              /usr/lib/gcc/arm-none-eabi/14.2.0/../../../../arm-none-eabi/lib/thumb/v7e-m+fp/hard/libc_nano.a(libc_a-reent.o) (_impure_ptr)
/usr/lib/gcc/arm-none-eabi/14.2.0/../../../../arm-none-eabi/lib/thumb/v7e-m+fp/hard/libc_nano.a(libc_a-lseekr.o)
                              /usr/lib/gcc/arm-none-eabi/14.2.0/../../../../arm-none-eabi/lib/thumb/v7e-m+fp/hard/libc_nano.a(libc_a-stdio.o) (_lseek_r)
/usr/lib/gcc/arm-none-eabi/14.2.0/../../../../arm-none-eabi/lib/thumb/v7e-m+fp/hard/libc_nano.a(libc_a-readr.o)
                              /usr/lib/gcc/arm-none-eabi/14.2.0/../../../../arm-none-eabi/lib/thumb/v7e-m+fp/hard/libc_nano.a(libc_a-stdio.o) (_read_r)
/usr/lib/gcc/arm-none-eabi/14.2.0/../../../../arm-none-eabi/lib/thumb/v7e-m+fp/hard/libc_nano.a(libc_a-writer.o)
                              /usr/lib/gcc/arm-none-eabi/14.2.0/../../../../arm-none-eabi/lib/thumb/v7e-m+fp/hard/libc_nano.a(libc_a-stdio.o) (_write_r)
/usr/lib/gcc/arm-none-eabi/14.2.0/../../../../arm-none-eabi/lib/thumb/v7e-m+fp/hard/libc_nano.a(libc_a-init.o)
                              /usr/lib/gcc/arm-none-eabi/14.2.0/../../../../arm-none-eabi/lib/thumb/v7e-m+fp/hard/crt0.o (__libc_init_array)
/usr/lib/gcc/arm-none-eabi/14.2.0/../../../../arm-none-eabi/lib/thumb/v7e-m+fp/hard/libc_nano.a(libc_a-fini.o)
                              /usr/lib/gcc/arm-none-eabi/14.2.0/../../../../arm-none-eabi/lib/thumb/v7e-m+fp/hard/crt0.o (__libc_fini_array)
/usr/lib/gcc/arm-none-eabi/14.2.0/../../../../arm-none-eabi/lib/thumb/v7e-m+fp/hard/libc_nano.a(libc_a-lock.o)
                              /usr/lib/gcc/arm-none-eabi/14.2.0/../../../../arm-none-eabi/lib/thumb/v7e-m+fp/hard/libc_nano.a(libc_a-findfp.o) (__retarget_lock_init_recursive)
/usr/lib/gcc/arm-none-eabi/14.2.0/../../../../arm-none-eabi/lib/thumb/v7e-m+fp/hard/libc_nano.a(libc_a-__atexit.o)
                              /usr/lib/gcc/arm-none-eabi/14.2.0/../../../../arm-none-eabi/lib/thumb/v7e-m+fp/hard/libc_nano.a(libc_a-atexit.o) (__register_exitproc)
/usr/lib/gcc/arm-none-eabi/14.2.0/../../../../arm-none-eabi/lib/thumb/v7e-m+fp/hard/libc_nano.a(libc_a-__call_atexit.o)
                              /usr/lib/gcc/arm-none-eabi/14.2.0/../../../../arm-none-eabi/lib/thumb/v7e-m+fp/hard/libc_nano.a(libc_a-__atexit.o) (__call_exitprocs)
/usr/lib/gcc/arm-none-eabi/14.2.0/../../../../arm-none-eabi/lib/thumb/v7e-m+fp/hard/libc_nano.a(libc_a-freer.o)
                              /usr/lib/gcc/arm-none-eabi/14.2.0/../../../../arm-none-eabi/lib/thumb/v7e-m+fp/hard/libc_nano.a(libc_a-reent.o) (_free_r)
/usr/lib/gcc/arm-none-eabi/14.2.0/../../../../arm-none-eabi/lib/thumb/v7e-m+fp/hard/libc_nano.a(libc_a-mallocr.o)
[...]
Memory Configuration

Name             Origin             Length             Attributes
RAM              0x20000000         0x00020000         xrw
FLASH            0x08000000         0x00080000         xr
*default*        0x00000000         0xffffffff

Linker script and memory map

LOAD /usr/lib/gcc/arm-none-eabi/14.2.0/thumb/v7e-m+fp/hard/crti.o
LOAD /usr/lib/gcc/arm-none-eabi/14.2.0/thumb/v7e-m+fp/hard/crtbegin.o
LOAD /usr/lib/gcc/arm-none-eabi/14.2.0/../../../../arm-none-eabi/lib/thumb/v7e-m+fp/hard/crt0.o
START GROUP
LOAD /usr/lib/gcc/arm-none-eabi/14.2.0/../../../../arm-none-eabi/lib/thumb/v7e-m+fp/hard/libc_nano.a
LOAD /usr/lib/gcc/arm-none-eabi/14.2.0/../../../../arm-none-eabi/lib/thumb/v7e-m+fp/hard/libm.a
END GROUP
LOAD CMakeFiles/STM32Template.dir/Core/Src/main.c.obj
LOAD CMakeFiles/STM32Template.dir/Core/Src/gpio.c.obj
LOAD CMakeFiles/STM32Template.dir/Core/Src/adc.c.obj
LOAD CMakeFiles/STM32Template.dir/Core/Src/crc.c.obj
LOAD CMakeFiles/STM32Template.dir/Core/Src/fdcan.c.obj
LOAD CMakeFiles/STM32Template.dir/Core/Src/spi.c.obj
LOAD CMakeFiles/STM32Template.dir/Core/Src/stm32g4xx_it.c.obj
LOAD CMakeFiles/STM32Template.dir/Core/Src/stm32g4xx_hal_msp.c.obj
LOAD CMakeFiles/STM32Template.dir/Drivers/STM32G4xx_HAL_Driver/Src/stm32g4xx_hal_adc.c.obj
LOAD CMakeFiles/STM32Template.dir/Drivers/STM32G4xx_HAL_Driver/Src/stm32g4xx_hal_adc_ex.c.obj
LOAD CMakeFiles/STM32Template.dir/Drivers/STM32G4xx_HAL_Driver/Src/stm32g4xx_ll_adc.c.obj
LOAD CMakeFiles/STM32Template.dir/Drivers/STM32G4xx_HAL_Driver/Src/stm32g4xx_hal.c.obj
LOAD CMakeFiles/STM32Template.dir/Drivers/STM32G4xx_HAL_Driver/Src/stm32g4xx_hal_rcc.c.obj
LOAD CMakeFiles/STM32Template.dir/Drivers/STM32G4xx_HAL_Driver/Src/stm32g4xx_hal_rcc_ex.c.obj
LOAD CMakeFiles/STM32Template.dir/Drivers/STM32G4xx_HAL_Driver/Src/stm32g4xx_hal_flash.c.obj
LOAD CMakeFiles/STM32Template.dir/Drivers/STM32G4xx_HAL_Driver/Src/stm32g4xx_hal_flash_ex.c.obj
LOAD CMakeFiles/STM32Template.dir/Drivers/STM32G4xx_HAL_Driver/Src/stm32g4xx_hal_flash_ramfunc.c.obj
LOAD CMakeFiles/STM32Template.dir/Drivers/STM32G4xx_HAL_Driver/Src/stm32g4xx_hal_gpio.c.obj
LOAD CMakeFiles/STM32Template.dir/Drivers/STM32G4xx_HAL_Driver/Src/stm32g4xx_hal_exti.c.obj
LOAD CMakeFiles/STM32Template.dir/Drivers/STM32G4xx_HAL_Driver/Src/stm32g4xx_hal_dma.c.obj
LOAD CMakeFiles/STM32Template.dir/Drivers/STM32G4xx_HAL_Driver/Src/stm32g4xx_hal_dma_ex.c.obj
LOAD CMakeFiles/STM32Template.dir/Drivers/STM32G4xx_HAL_Driver/Src/stm32g4xx_hal_pwr.c.obj
LOAD CMakeFiles/STM32Template.dir/Drivers/STM32G4xx_HAL_Driver/Src/stm32g4xx_hal_pwr_ex.c.obj
LOAD CMakeFiles/STM32Template.dir/Drivers/STM32G4xx_HAL_Driver/Src/stm32g4xx_hal_cortex.c.obj
LOAD CMakeFiles/STM32Template.dir/Drivers/STM32G4xx_HAL_Driver/Src/stm32g4xx_hal_crc.c.obj
LOAD CMakeFiles/STM32Template.dir/Drivers/STM32G4xx_HAL_Driver/Src/stm32g4xx_hal_crc_ex.c.obj
LOAD CMakeFiles/STM32Template.dir/Drivers/STM32G4xx_HAL_Driver/Src/stm32g4xx_hal_fdcan.c.obj
LOAD CMakeFiles/STM32Template.dir/Drivers/STM32G4xx_HAL_Driver/Src/stm32g4xx_hal_spi.c.obj
LOAD CMakeFiles/STM32Template.dir/Drivers/STM32G4xx_HAL_Driver/Src/stm32g4xx_hal_spi_ex.c.obj
LOAD CMakeFiles/STM32Template.dir/Drivers/STM32G4xx_HAL_Driver/Src/stm32g4xx_hal_tim.c.obj
LOAD CMakeFiles/STM32Template.dir/Drivers/STM32G4xx_HAL_Driver/Src/stm32g4xx_hal_tim_ex.c.obj
LOAD CMakeFiles/STM32Template.dir/Core/Src/system_stm32g4xx.c.obj
LOAD CMakeFiles/STM32Template.dir/Core/Src/sysmem.c.obj
LOAD CMakeFiles/STM32Template.dir/Core/Src/syscalls.c.obj
LOAD CMakeFiles/STM32Template.dir/startup_stm32g474xx.s.obj
START GROUP
LOAD /usr/lib/gcc/arm-none-eabi/14.2.0/thumb/v7e-m+fp/hard/libgcc.a
LOAD /usr/lib/gcc/arm-none-eabi/14.2.0/../../../../arm-none-eabi/lib/thumb/v7e-m+fp/hard/libg_nano.a
LOAD /usr/lib/gcc/arm-none-eabi/14.2.0/../../../../arm-none-eabi/lib/thumb/v7e-m+fp/hard/libc_nano.a
END GROUP
START GROUP
LOAD /usr/lib/gcc/arm-none-eabi/14.2.0/thumb/v7e-m+fp/hard/libgcc.a
LOAD /usr/lib/gcc/arm-none-eabi/14.2.0/../../../../arm-none-eabi/lib/thumb/v7e-m+fp/hard/libc_nano.a
END GROUP
LOAD /usr/lib/gcc/arm-none-eabi/14.2.0/thumb/v7e-m+fp/hard/crtend.o
LOAD /usr/lib/gcc/arm-none-eabi/14.2.0/thumb/v7e-m+fp/hard/crtn.o
                0x20020000                        _estack = (ORIGIN (RAM) + LENGTH (RAM))
                0x00000200                        _Min_Heap_Size = 0x200
                0x00000400                        _Min_Stack_Size = 0x400

.isr_vector     0x08000000      0x1d8
                0x08000000                        . = ALIGN (0x4)
 *(.isr_vector)
 .isr_vector    0x08000000      0x1d8 CMakeFiles/STM32Template.dir/startup_stm32g474xx.s.obj
                0x08000000                g_pfnVectors
                0x080001d8                        . = ALIGN (0x4)

.text           0x080001d8     0x358c
                0x080001d8                        . = ALIGN (0x4)
 *(.text)
 *(.text*)
 .text.__do_global_dtors_aux
                0x080001d8       0x24 /usr/lib/gcc/arm-none-eabi/14.2.0/thumb/v7e-m+fp/hard/crtbegin.o
 .text.frame_dummy
                0x080001fc       0x1c /usr/lib/gcc/arm-none-eabi/14.2.0/thumb/v7e-m+fp/hard/crtbegin.o
 .text.memset   0x08000218       0x10 /usr/lib/gcc/arm-none-eabi/14.2.0/../../../../arm-none-eabi/lib/thumb/v7e-m+fp/hard/libc_nano.a(libc_a-memset.o)
                0x08000218                memset
 .text.__libc_init_array
                0x08000228       0x48 /usr/lib/gcc/arm-none-eabi/14.2.0/../../../../arm-none-eabi/lib/thumb/v7e-m+fp/hard/libc_nano.a(libc_a-init.o)
                0x08000228                __libc_init_array
 .text.main     0x08000270       0x34 CMakeFiles/STM32Template.dir/Core/Src/main.c.obj
                0x08000270                main
 .text.SystemClock_Config
                0x080002a4       0x98 CMakeFiles/STM32Template.dir/Core/Src/main.c.obj
                0x080002a4                SystemClock_Config
 .text.Error_Handler
                0x0800033c        0xc CMakeFiles/STM32Template.dir/Core/Src/main.c.obj
                0x0800033c                Error_Handler
 .text.MX_GPIO_Init
                0x08000348       0x94 CMakeFiles/STM32Template.dir/Core/Src/gpio.c.obj
                0x08000348                MX_GPIO_Init
 .text.MX_ADC1_Init
                0x080003dc       0xf4 CMakeFiles/STM32Template.dir/Core/Src/adc.c.obj
                0x080003dc                MX_ADC1_Init
 .text.HAL_ADC_MspInit
                0x080004d0       0xa8 CMakeFiles/STM32Template.dir/Core/Src/adc.c.obj
                0x080004d0                HAL_ADC_MspInit
 .text.MX_CRC_Init
                0x08000578       0x44 CMakeFiles/STM32Template.dir/Core/Src/crc.c.obj
                0x08000578                MX_CRC_Init
 .text.HAL_CRC_MspInit
                0x080005bc       0x40 CMakeFiles/STM32Template.dir/Core/Src/crc.c.obj
                0x080005bc                HAL_CRC_MspInit
 .text.MX_FDCAN1_Init
                0x080005fc       0x8c CMakeFiles/STM32Template.dir/Core/Src/fdcan.c.obj
                0x080005fc                MX_FDCAN1_Init
 .text.MX_FDCAN2_Init
                0x08000688       0x8c CMakeFiles/STM32Template.dir/Core/Src/fdcan.c.obj
                0x08000688                MX_FDCAN2_Init
 .text.HAL_FDCAN_MspInit
                0x08000714      0x164 CMakeFiles/STM32Template.dir/Core/Src/fdcan.c.obj
                0x08000714                HAL_FDCAN_MspInit
 .text.NMI_Handler
                0x08000878        0x8 CMakeFiles/STM32Template.dir/Core/Src/stm32g4xx_it.c.obj
                0x08000878                NMI_Handler
 .text.HardFault_Handler
                0x08000880        0x8 CMakeFiles/STM32Template.dir/Core/Src/stm32g4xx_it.c.obj
                0x08000880                HardFault_Handler
 .text.MemManage_Handler
                0x08000888        0x8 CMakeFiles/STM32Template.dir/Core/Src/stm32g4xx_it.c.obj
                0x08000888                MemManage_Handler
 .text.BusFault_Handler
                0x08000890        0x8 CMakeFiles/STM32Template.dir/Core/Src/stm32g4xx_it.c.obj
                0x08000890                BusFault_Handler
 .text.UsageFault_Handler
                0x08000898        0x8 CMakeFiles/STM32Template.dir/Core/Src/stm32g4xx_it.c.obj
                0x08000898                UsageFault_Handler
 .text.SVC_Handler
                0x080008a0        0xe CMakeFiles/STM32Template.dir/Core/Src/stm32g4xx_it.c.obj
                0x080008a0                SVC_Handler
 .text.DebugMon_Handler
                0x080008ae        0xe CMakeFiles/STM32Template.dir/Core/Src/stm32g4xx_it.c.obj
                0x080008ae                DebugMon_Handler
 .text.PendSV_Handler
                0x080008bc        0xe CMakeFiles/STM32Template.dir/Core/Src/stm32g4xx_it.c.obj
                0x080008bc                PendSV_Handler
 .text.SysTick_Handler
                0x080008ca        0xc CMakeFiles/STM32Template.dir/Core/Src/stm32g4xx_it.c.obj
                0x080008ca                SysTick_Handler
 *fill*         0x080008d6        0x2 
 .text.HAL_MspInit
                0x080008d8       0x48 CMakeFiles/STM32Template.dir/Core/Src/stm32g4xx_hal_msp.c.obj
                0x080008d8                HAL_MspInit
 .text.LL_ADC_SetCommonClock
                0x08000920       0x26 CMakeFiles/STM32Template.dir/Drivers/STM32G4xx_HAL_Driver/Src/stm32g4xx_hal_adc.c.obj
 .text.LL_ADC_SetCommonPathInternalCh
                0x08000946       0x26 CMakeFiles/STM32Template.dir/Drivers/STM32G4xx_HAL_Driver/Src/stm32g4xx_hal_adc.c.obj
 .text.LL_ADC_GetCommonPathInternalCh
                0x0800096c       0x1c CMakeFiles/STM32Template.dir/Drivers/STM32G4xx_HAL_Driver/Src/stm32g4xx_hal_adc.c.obj
 .text.LL_ADC_SetOffset
                0x08000988       0x48 CMakeFiles/STM32Template.dir/Drivers/STM32G4xx_HAL_Driver/Src/stm32g4xx_hal_adc.c.obj
 .text.LL_ADC_GetOffsetChannel
                0x080009d0       0x2c CMakeFiles/STM32Template.dir/Drivers/STM32G4xx_HAL_Driver/Src/stm32g4xx_hal_adc.c.obj
 .text.LL_ADC_SetOffsetState
                0x080009fc       0x36 CMakeFiles/STM32Template.dir/Drivers/STM32G4xx_HAL_Driver/Src/stm32g4xx_hal_adc.c.obj
 .text.LL_ADC_SetOffsetSign
                0x08000a32       0x36 CMakeFiles/STM32Template.dir/Drivers/STM32G4xx_HAL_Driver/Src/stm32g4xx_hal_adc.c.obj
 .text.LL_ADC_SetOffsetSaturation
                0x08000a68       0x36 CMakeFiles/STM32Template.dir/Drivers/STM32G4xx_HAL_Driver/Src/stm32g4xx_hal_adc.c.obj
 .text.LL_ADC_SetSamplingTimeCommonConfig
                0x08000a9e       0x26 CMakeFiles/STM32Template.dir/Drivers/STM32G4xx_HAL_Driver/Src/stm32g4xx_hal_adc.c.obj
 .text.LL_ADC_REG_SetSequencerRanks
                0x08000ac4       0x58 CMakeFiles/STM32Template.dir/Drivers/STM32G4xx_HAL_Driver/Src/stm32g4xx_hal_adc.c.obj
 .text.LL_ADC_SetChannelSamplingTime
                0x08000b1c       0x56 CMakeFiles/STM32Template.dir/Drivers/STM32G4xx_HAL_Driver/Src/stm32g4xx_hal_adc.c.obj
 *fill*         0x08000b72        0x2 
 .text.LL_ADC_SetChannelSingleDiff
                0x08000b74       0x48 CMakeFiles/STM32Template.dir/Drivers/STM32G4xx_HAL_Driver/Src/stm32g4xx_hal_adc.c.obj
 .text.LL_ADC_DisableDeepPowerDown
                0x08000bbc       0x24 CMakeFiles/STM32Template.dir/Drivers/STM32G4xx_HAL_Driver/Src/stm32g4xx_hal_adc.c.obj
 .text.LL_ADC_IsDeepPowerDownEnabled
                0x08000be0       0x28 CMakeFiles/STM32Template.dir/Drivers/STM32G4xx_HAL_Driver/Src/stm32g4xx_hal_adc.c.obj
 .text.LL_ADC_EnableInternalRegulator
                0x08000c08       0x28 CMakeFiles/STM32Template.dir/Drivers/STM32G4xx_HAL_Driver/Src/stm32g4xx_hal_adc.c.obj
 .text.LL_ADC_IsInternalRegulatorEnabled
                0x08000c30       0x28 CMakeFiles/STM32Template.dir/Drivers/STM32G4xx_HAL_Driver/Src/stm32g4xx_hal_adc.c.obj
 .text.LL_ADC_IsEnabled
                0x08000c58       0x26 CMakeFiles/STM32Template.dir/Drivers/STM32G4xx_HAL_Driver/Src/stm32g4xx_hal_adc.c.obj
 .text.LL_ADC_REG_IsConversionOngoing
                0x08000c7e       0x26 CMakeFiles/STM32Template.dir/Drivers/STM32G4xx_HAL_Driver/Src/stm32g4xx_hal_adc.c.obj
 .text.LL_ADC_INJ_IsConversionOngoing
                0x08000ca4       0x26 CMakeFiles/STM32Template.dir/Drivers/STM32G4xx_HAL_Driver/Src/stm32g4xx_hal_adc.c.obj
 *fill*         0x08000cca        0x2 
 .text.HAL_ADC_Init
                0x08000ccc      0x378 CMakeFiles/STM32Template.dir/Drivers/STM32G4xx_HAL_Driver/Src/stm32g4xx_hal_adc.c.obj
                0x08000ccc                HAL_ADC_Init
 .text.HAL_ADC_ConfigChannel
                0x08001044      0x880 CMakeFiles/STM32Template.dir/Drivers/STM32G4xx_HAL_Driver/Src/stm32g4xx_hal_adc.c.obj
                0x08001044                HAL_ADC_ConfigChannel
 .text.LL_ADC_IsEnabled
                0x080018c4       0x26 CMakeFiles/STM32Template.dir/Drivers/STM32G4xx_HAL_Driver/Src/stm32g4xx_hal_adc_ex.c.obj
 .text.LL_ADC_REG_IsConversionOngoing
                0x080018ea       0x26 CMakeFiles/STM32Template.dir/Drivers/STM32G4xx_HAL_Driver/Src/stm32g4xx_hal_adc_ex.c.obj
 .text.HAL_ADCEx_MultiModeConfigChannel
                0x08001910      0x210 CMakeFiles/STM32Template.dir/Drivers/STM32G4xx_HAL_Driver/Src/stm32g4xx_hal_adc_ex.c.obj
                0x08001910                HAL_ADCEx_MultiModeConfigChannel
 .text.HAL_Init
                0x08001b20       0x30 CMakeFiles/STM32Template.dir/Drivers/STM32G4xx_HAL_Driver/Src/stm32g4xx_hal.c.obj
                0x08001b20                HAL_Init
 .text.HAL_InitTick
                0x08001b50       0x74 CMakeFiles/STM32Template.dir/Drivers/STM32G4xx_HAL_Driver/Src/stm32g4xx_hal.c.obj
                0x08001b50                HAL_InitTick
 .text.HAL_IncTick
                0x08001bc4       0x24 CMakeFiles/STM32Template.dir/Drivers/STM32G4xx_HAL_Driver/Src/stm32g4xx_hal.c.obj
                0x08001bc4                HAL_IncTick
 .text.HAL_GetTick
                0x08001be8       0x18 CMakeFiles/STM32Template.dir/Drivers/STM32G4xx_HAL_Driver/Src/stm32g4xx_hal.c.obj
                0x08001be8                HAL_GetTick
 .text.HAL_Delay
                0x08001c00       0x44 CMakeFiles/STM32Template.dir/Drivers/STM32G4xx_HAL_Driver/Src/stm32g4xx_hal.c.obj
                0x08001c00                HAL_Delay
 .text.HAL_RCC_OscConfig
                0x08001c44      0x624 CMakeFiles/STM32Template.dir/Drivers/STM32G4xx_HAL_Driver/Src/stm32g4xx_hal_rcc.c.obj
                0x08001c44                HAL_RCC_OscConfig
 .text.HAL_RCC_ClockConfig
                0x08002268      0x278 CMakeFiles/STM32Template.dir/Drivers/STM32G4xx_HAL_Driver/Src/stm32g4xx_hal_rcc.c.obj
                0x08002268                HAL_RCC_ClockConfig
 .text.HAL_RCC_GetSysClockFreq
                0x080024e0       0xc4 CMakeFiles/STM32Template.dir/Drivers/STM32G4xx_HAL_Driver/Src/stm32g4xx_hal_rcc.c.obj
                0x080024e0                HAL_RCC_GetSysClockFreq
 .text.RCC_GetSysClockFreqFromPLLSource
                0x080025a4       0x8c CMakeFiles/STM32Template.dir/Drivers/STM32G4xx_HAL_Driver/Src/stm32g4xx_hal_rcc.c.obj
 .text.HAL_RCCEx_PeriphCLKConfig
                0x08002630      0x49c CMakeFiles/STM32Template.dir/Drivers/STM32G4xx_HAL_Driver/Src/stm32g4xx_hal_rcc_ex.c.obj
                0x08002630                HAL_RCCEx_PeriphCLKConfig
 .text.HAL_GPIO_Init
                0x08002acc      0x304 CMakeFiles/STM32Template.dir/Drivers/STM32G4xx_HAL_Driver/Src/stm32g4xx_hal_gpio.c.obj
                0x08002acc                HAL_GPIO_Init
 .text.HAL_GPIO_WritePin
                0x08002dd0       0x30 CMakeFiles/STM32Template.dir/Drivers/STM32G4xx_HAL_Driver/Src/stm32g4xx_hal_gpio.c.obj
                0x08002dd0                HAL_GPIO_WritePin
 .text.HAL_GPIO_TogglePin
                0x08002e00       0x34 CMakeFiles/STM32Template.dir/Drivers/STM32G4xx_HAL_Driver/Src/stm32g4xx_hal_gpio.c.obj
                0x08002e00                HAL_GPIO_TogglePin
 .text.HAL_PWREx_ControlVoltageScaling
                0x08002e34      0x148 CMakeFiles/STM32Template.dir/Drivers/STM32G4xx_HAL_Driver/Src/stm32g4xx_hal_pwr_ex.c.obj
                0x08002e34                HAL_PWREx_ControlVoltageScaling
 .text.HAL_PWREx_DisableUCPDDeadBattery
                0x08002f7c       0x20 CMakeFiles/STM32Template.dir/Drivers/STM32G4xx_HAL_Driver/Src/stm32g4xx_hal_pwr_ex.c.obj
                0x08002f7c                HAL_PWREx_DisableUCPDDeadBattery
 .text.__NVIC_SetPriorityGrouping
                0x08002f9c       0x48 CMakeFiles/STM32Template.dir/Drivers/STM32G4xx_HAL_Driver/Src/stm32g4xx_hal_cortex.c.obj
 .text.__NVIC_GetPriorityGrouping
                0x08002fe4       0x1c CMakeFiles/STM32Template.dir/Drivers/STM32G4xx_HAL_Driver/Src/stm32g4xx_hal_cortex.c.obj
 .text.__NVIC_SetPriority
                0x08003000       0x54 CMakeFiles/STM32Template.dir/Drivers/STM32G4xx_HAL_Driver/Src/stm32g4xx_hal_cortex.c.obj
 .text.NVIC_EncodePriority
                0x08003054       0x66 CMakeFiles/STM32Template.dir/Drivers/STM32G4xx_HAL_Driver/Src/stm32g4xx_hal_cortex.c.obj
 *fill*         0x080030ba        0x2 
 .text.SysTick_Config
                0x080030bc       0x44 CMakeFiles/STM32Template.dir/Drivers/STM32G4xx_HAL_Driver/Src/stm32g4xx_hal_cortex.c.obj
 .text.HAL_NVIC_SetPriorityGrouping
                0x08003100       0x16 CMakeFiles/STM32Template.dir/Drivers/STM32G4xx_HAL_Driver/Src/stm32g4xx_hal_cortex.c.obj
                0x08003100                HAL_NVIC_SetPriorityGrouping
 .text.HAL_NVIC_SetPriority
                0x08003116       0x34 CMakeFiles/STM32Template.dir/Drivers/STM32G4xx_HAL_Driver/Src/stm32g4xx_hal_cortex.c.obj
                0x08003116                HAL_NVIC_SetPriority
 .text.HAL_SYSTICK_Config
                0x0800314a       0x18 CMakeFiles/STM32Template.dir/Drivers/STM32G4xx_HAL_Driver/Src/stm32g4xx_hal_cortex.c.obj
                0x0800314a                HAL_SYSTICK_Config
 *fill*         0x08003162        0x2 
 .text.HAL_CRC_Init
                0x08003164       0xc8 CMakeFiles/STM32Template.dir/Drivers/STM32G4xx_HAL_Driver/Src/stm32g4xx_hal_crc.c.obj
                0x08003164                HAL_CRC_Init
 .text.HAL_CRCEx_Polynomial_Set
                0x0800322c      0x11c CMakeFiles/STM32Template.dir/Drivers/STM32G4xx_HAL_Driver/Src/stm32g4xx_hal_crc_ex.c.obj
                0x0800322c                HAL_CRCEx_Polynomial_Set
 .text.HAL_FDCAN_Init
                0x08003348      0x2b4 CMakeFiles/STM32Template.dir/Drivers/STM32G4xx_HAL_Driver/Src/stm32g4xx_hal_fdcan.c.obj
                0x08003348                HAL_FDCAN_Init
 .text.FDCAN_CalcultateRamBlockAddresses
                0x080035fc       0xd8 CMakeFiles/STM32Template.dir/Drivers/STM32G4xx_HAL_Driver/Src/stm32g4xx_hal_fdcan.c.obj
 .text.SystemInit
                0x080036d4       0x24 CMakeFiles/STM32Template.dir/Core/Src/system_stm32g4xx.c.obj
                0x080036d4                SystemInit
 .text.Reset_Handler
                0x080036f8       0x50 CMakeFiles/STM32Template.dir/startup_stm32g474xx.s.obj
                0x080036f8                Reset_Handler
 .text.Default_Handler
                0x08003748        0x2 CMakeFiles/STM32Template.dir/startup_stm32g474xx.s.obj
                0x08003748                RTC_Alarm_IRQHandler
                0x08003748                EXTI2_IRQHandler
                0x08003748                TIM8_TRG_COM_IRQHandler
                0x08003748                TIM8_CC_IRQHandler
                0x08003748                HRTIM1_Master_IRQHandler
                0x08003748                SPI4_IRQHandler
                0x08003748                FDCAN3_IT0_IRQHandler
                0x08003748                TIM1_CC_IRQHandler
                0x08003748                HRTIM1_FLT_IRQHandler
                0x08003748                HRTIM1_TIMF_IRQHandler
                0x08003748                USB_HP_IRQHandler
                0x08003748                CORDIC_IRQHandler
                0x08003748                HRTIM1_TIMD_IRQHandler
                0x08003748                DMA2_Channel8_IRQHandler
                0x08003748                EXTI3_IRQHandler
                0x08003748                I2C3_ER_IRQHandler
                0x08003748                EXTI0_IRQHandler
                0x08003748                I2C2_EV_IRQHandler
                0x08003748                FPU_IRQHandler
                0x08003748                FDCAN1_IT1_IRQHandler
                0x08003748                TIM1_UP_TIM16_IRQHandler
                0x08003748                ADC1_2_IRQHandler
                0x08003748                HRTIM1_TIME_IRQHandler
                0x08003748                SPI1_IRQHandler
                0x08003748                TIM6_DAC_IRQHandler
                0x08003748                HRTIM1_TIMC_IRQHandler
                0x08003748                TIM8_UP_IRQHandler
                0x08003748                DMA2_Channel2_IRQHandler
                0x08003748                DMA1_Channel4_IRQHandler
                0x08003748                TIM20_TRG_COM_IRQHandler
                0x08003748                USART3_IRQHandler
                0x08003748                DMA1_Channel7_IRQHandler
                0x08003748                UART5_IRQHandler
                0x08003748                ADC3_IRQHandler
                0x08003748                TIM4_IRQHandler
                0x08003748                DMA2_Channel1_IRQHandler
                0x08003748                QUADSPI_IRQHandler
                0x08003748                I2C1_EV_IRQHandler
                0x08003748                DMA1_Channel6_IRQHandler
                0x08003748                UART4_IRQHandler
                0x08003748                DMA2_Channel4_IRQHandler
                0x08003748                TIM3_IRQHandler
                0x08003748                RCC_IRQHandler
                0x08003748                TIM20_UP_IRQHandler
                0x08003748                DMA1_Channel1_IRQHandler
                0x08003748                Default_Handler
                0x08003748                DMA2_Channel7_IRQHandler
                0x08003748                RTC_TAMP_LSECSS_IRQHandler
                0x08003748                FMAC_IRQHandler
                0x08003748                EXTI15_10_IRQHandler
                0x08003748                DMA1_Channel8_IRQHandler
                0x08003748                HRTIM1_TIMA_IRQHandler
                0x08003748                TIM7_DAC_IRQHandler
                0x08003748                FDCAN3_IT1_IRQHandler
                0x08003748                TIM5_IRQHandler
                0x08003748                UCPD1_IRQHandler
                0x08003748                I2C3_EV_IRQHandler
                0x08003748                EXTI9_5_IRQHandler
                0x08003748                RTC_WKUP_IRQHandler
                0x08003748                PVD_PVM_IRQHandler
                0x08003748                SPI2_IRQHandler
                0x08003748                ADC5_IRQHandler
                0x08003748                DMA2_Channel5_IRQHandler
                0x08003748                CRS_IRQHandler
                0x08003748                DMA1_Channel5_IRQHandler
                0x08003748                USB_LP_IRQHandler
                0x08003748                EXTI4_IRQHandler
                0x08003748                RNG_IRQHandler
                0x08003748                HRTIM1_TIMB_IRQHandler
                0x08003748                TIM1_TRG_COM_TIM17_IRQHandler
                0x08003748                FDCAN2_IT1_IRQHandler
                0x08003748                DMA1_Channel3_IRQHandler
                0x08003748                ADC4_IRQHandler
                0x08003748                WWDG_IRQHandler
                0x08003748                I2C4_EV_IRQHandler
                0x08003748                FDCAN2_IT0_IRQHandler
                0x08003748                LPUART1_IRQHandler
                0x08003748                DMA2_Channel6_IRQHandler
                0x08003748                FDCAN1_IT0_IRQHandler
                0x08003748                TIM2_IRQHandler
                0x08003748                COMP7_IRQHandler
                0x08003748                COMP1_2_3_IRQHandler
                0x08003748                EXTI1_IRQHandler
                0x08003748                USART2_IRQHandler
                0x08003748                COMP4_5_6_IRQHandler
                0x08003748                TIM20_BRK_IRQHandler
                0x08003748                I2C2_ER_IRQHandler
                0x08003748                DMA1_Channel2_IRQHandler
                0x08003748                TIM8_BRK_IRQHandler
                0x08003748                FLASH_IRQHandler
                0x08003748                TIM20_CC_IRQHandler
                0x08003748                USART1_IRQHandler
                0x08003748                SPI3_IRQHandler
                0x08003748                I2C1_ER_IRQHandler
                0x08003748                FMC_IRQHandler
                0x08003748                LPTIM1_IRQHandler
                0x08003748                DMAMUX_OVR_IRQHandler
                0x08003748                I2C4_ER_IRQHandler
                0x08003748                USBWakeUp_IRQHandler
                0x08003748                SAI1_IRQHandler
                0x08003748                DMA2_Channel3_IRQHandler
                0x08003748                TIM1_BRK_TIM15_IRQHandler
 *(.glue_7)
 .glue_7        0x0800374a        0x0 linker stubs
 *(.glue_7t)
 .glue_7t       0x0800374a        0x0 linker stubs
 *(.eh_frame)
 *fill*         0x0800374a        0x2 
 .eh_frame      0x0800374c        0x0 /usr/lib/gcc/arm-none-eabi/14.2.0/thumb/v7e-m+fp/hard/crtbegin.o
 *(.init)
 .init          0x0800374c        0x4 /usr/lib/gcc/arm-none-eabi/14.2.0/thumb/v7e-m+fp/hard/crti.o
                0x0800374c                _init
 .init          0x08003750        0x8 /usr/lib/gcc/arm-none-eabi/14.2.0/thumb/v7e-m+fp/hard/crtn.o
 *(.fini)
 .fini          0x08003758        0x4 /usr/lib/gcc/arm-none-eabi/14.2.0/thumb/v7e-m+fp/hard/crti.o
                0x08003758                _fini
 .fini          0x0800375c        0x8 /usr/lib/gcc/arm-none-eabi/14.2.0/thumb/v7e-m+fp/hard/crtn.o
                0x08003764                        . = ALIGN (0x4)
                0x08003764                        _etext = .

.vfp11_veneer   0x08003764        0x0
 .vfp11_veneer  0x08003764        0x0 linker stubs

.v4_bx          0x08003764        0x0
 .v4_bx         0x08003764        0x0 linker stubs

.iplt           0x08003764        0x0
 .iplt          0x08003764        0x0 /usr/lib/gcc/arm-none-eabi/14.2.0/thumb/v7e-m+fp/hard/crtbegin.o

.rodata         0x08003764       0x10
                0x08003764                        . = ALIGN (0x4)
 *(.rodata)
 *(.rodata*)
 .rodata.AHBPrescTable
                0x08003764       0x10 CMakeFiles/STM32Template.dir/Core/Src/system_stm32g4xx.c.obj
                0x08003764                AHBPrescTable
                0x08003774                        . = ALIGN (0x4)

.rel.dyn        0x08003774        0x0
 .rel.iplt      0x08003774        0x0 /usr/lib/gcc/arm-none-eabi/14.2.0/thumb/v7e-m+fp/hard/crtbegin.o

.ARM.extab
 *(.ARM.extab* .gnu.linkonce.armextab.*)

.ARM            0x08003774        0x0
                0x08003774                        __exidx_start = .
 *(.ARM.exidx*)
                0x08003774                        __exidx_end = .

.preinit_array  0x08003774        0x0
                0x08003774                        PROVIDE (__preinit_array_start = .)
 *(.preinit_array*)
                0x08003774                        PROVIDE (__preinit_array_end = .)

.init_array     0x08003774        0x4
                0x08003774                        PROVIDE (__init_array_start = .)
 *(SORT_BY_NAME(.init_array.*))
 *(.init_array*)
 .init_array    0x08003774        0x4 /usr/lib/gcc/arm-none-eabi/14.2.0/thumb/v7e-m+fp/hard/crtbegin.o
                0x08003778                        PROVIDE (__init_array_end = .)

.fini_array     0x08003778        0x4
                0x08003778                        PROVIDE (__fini_array_start = .)
 *(SORT_BY_NAME(.fini_array.*))
 *(.fini_array*)
 .fini_array    0x08003778        0x4 /usr/lib/gcc/arm-none-eabi/14.2.0/thumb/v7e-m+fp/hard/crtbegin.o
                0x0800377c                        PROVIDE (__fini_array_end = .)
                0x0800377c                        _sidata = LOADADDR (.data)

.data           0x20000000        0xc load address 0x0800377c
                0x20000000                        . = ALIGN (0x4)
                0x20000000                        _sdata = .
 *(.data)
 *(.data*)
 .data.uwTickPrio
                0x20000000        0x4 CMakeFiles/STM32Template.dir/Drivers/STM32G4xx_HAL_Driver/Src/stm32g4xx_hal.c.obj
                0x20000000                uwTickPrio
 .data.uwTickFreq
                0x20000004        0x4 CMakeFiles/STM32Template.dir/Drivers/STM32G4xx_HAL_Driver/Src/stm32g4xx_hal.c.obj
                0x20000004                uwTickFreq
 .data.SystemCoreClock
                0x20000008        0x4 CMakeFiles/STM32Template.dir/Core/Src/system_stm32g4xx.c.obj
                0x20000008                SystemCoreClock
                0x2000000c                        . = ALIGN (0x4)
                0x2000000c                        _edata = .

.igot.plt       0x2000000c        0x0 load address 0x08003788
 .igot.plt      0x2000000c        0x0 /usr/lib/gcc/arm-none-eabi/14.2.0/thumb/v7e-m+fp/hard/crtbegin.o
                0x2000000c                        . = ALIGN (0x4)

.bss            0x2000000c      0x17c load address 0x08003788
                0x2000000c                        _sbss = .
                0x2000000c                        __bss_start__ = _sbss
 *(.bss)
 *(.bss*)
 .bss.completed.1
                0x2000000c        0x1 /usr/lib/gcc/arm-none-eabi/14.2.0/thumb/v7e-m+fp/hard/crtbegin.o
 *fill*         0x2000000d        0x3 
 .bss.object.0  0x20000010       0x18 /usr/lib/gcc/arm-none-eabi/14.2.0/thumb/v7e-m+fp/hard/crtbegin.o
 .bss.hadc1     0x20000028       0x6c CMakeFiles/STM32Template.dir/Core/Src/adc.c.obj
                0x20000028                hadc1
 .bss.hcrc      0x20000094       0x24 CMakeFiles/STM32Template.dir/Core/Src/crc.c.obj
                0x20000094                hcrc
 .bss.hfdcan1   0x200000b8       0x64 CMakeFiles/STM32Template.dir/Core/Src/fdcan.c.obj
                0x200000b8                hfdcan1
 .bss.hfdcan2   0x2000011c       0x64 CMakeFiles/STM32Template.dir/Core/Src/fdcan.c.obj
                0x2000011c                hfdcan2
 .bss.HAL_RCC_FDCAN_CLK_ENABLED
                0x20000180        0x4 CMakeFiles/STM32Template.dir/Core/Src/fdcan.c.obj
 .bss.uwTick    0x20000184        0x4 CMakeFiles/STM32Template.dir/Drivers/STM32G4xx_HAL_Driver/Src/stm32g4xx_hal.c.obj
                0x20000184                uwTick
 *(COMMON)
                0x20000188                        . = ALIGN (0x4)
                0x20000188                        _ebss = .
                0x20000188                        __bss_end__ = _ebss

._user_heap_stack
                0x20000188      0x600 load address 0x08003788
                0x20000188                        . = ALIGN (0x8)
                [!provide]                        PROVIDE (end = .)
                0x20000188                        PROVIDE (_end = .)
                0x20000388                        . = (. + _Min_Heap_Size)
 *fill*         0x20000188      0x200 
                0x20000788                        . = (. + _Min_Stack_Size)
 *fill*         0x20000388      0x400 
                0x20000788                        . = ALIGN (0x8)

/DISCARD/
 libc.a(*)
 libm.a(*)
 libgcc.a(*)

.ARM.attributes
                0x00000000       0x30
 *(.ARM.attributes)
 .ARM.attributes
                0x00000000       0x22 /usr/lib/gcc/arm-none-eabi/14.2.0/thumb/v7e-m+fp/hard/crti.o
 .ARM.attributes
                0x00000022       0x34 /usr/lib/gcc/arm-none-eabi/14.2.0/thumb/v7e-m+fp/hard/crtbegin.o
 .ARM.attributes
                0x00000056       0x34 /usr/lib/gcc/arm-none-eabi/14.2.0/../../../../arm-none-eabi/lib/thumb/v7e-m+fp/hard/libc_nano.a(libc_a-memset.o)
 .ARM.attributes
                0x0000008a       0x34 /usr/lib/gcc/arm-none-eabi/14.2.0/../../../../arm-none-eabi/lib/thumb/v7e-m+fp/hard/libc_nano.a(libc_a-init.o)
 .ARM.attributes
                0x000000be       0x34 CMakeFiles/STM32Template.dir/Core/Src/main.c.obj
 .ARM.attributes
                0x000000f2       0x34 CMakeFiles/STM32Template.dir/Core/Src/gpio.c.obj
 .ARM.attributes
                0x00000126       0x34 CMakeFiles/STM32Template.dir/Core/Src/adc.c.obj
 .ARM.attributes
                0x0000015a       0x34 CMakeFiles/STM32Template.dir/Core/Src/crc.c.obj
 .ARM.attributes
                0x0000018e       0x34 CMakeFiles/STM32Template.dir/Core/Src/fdcan.c.obj
 .ARM.attributes
                0x000001c2       0x34 CMakeFiles/STM32Template.dir/Core/Src/stm32g4xx_it.c.obj
 .ARM.attributes
                0x000001f6       0x34 CMakeFiles/STM32Template.dir/Core/Src/stm32g4xx_hal_msp.c.obj
 .ARM.attributes
                0x0000022a       0x34 CMakeFiles/STM32Template.dir/Drivers/STM32G4xx_HAL_Driver/Src/stm32g4xx_hal_adc.c.obj
 .ARM.attributes
                0x0000025e       0x34 CMakeFiles/STM32Template.dir/Drivers/STM32G4xx_HAL_Driver/Src/stm32g4xx_hal_adc_ex.c.obj
 .ARM.attributes
                0x00000292       0x34 CMakeFiles/STM32Template.dir/Drivers/STM32G4xx_HAL_Driver/Src/stm32g4xx_hal.c.obj
 .ARM.attributes
                0x000002c6       0x34 CMakeFiles/STM32Template.dir/Drivers/STM32G4xx_HAL_Driver/Src/stm32g4xx_hal_rcc.c.obj
 .ARM.attributes
                0x000002fa       0x34 CMakeFiles/STM32Template.dir/Drivers/STM32G4xx_HAL_Driver/Src/stm32g4xx_hal_rcc_ex.c.obj
 .ARM.attributes
                0x0000032e       0x34 CMakeFiles/STM32Template.dir/Drivers/STM32G4xx_HAL_Driver/Src/stm32g4xx_hal_gpio.c.obj
 .ARM.attributes
                0x00000362       0x34 CMakeFiles/STM32Template.dir/Drivers/STM32G4xx_HAL_Driver/Src/stm32g4xx_hal_pwr_ex.c.obj
 .ARM.attributes
                0x00000396       0x34 CMakeFiles/STM32Template.dir/Drivers/STM32G4xx_HAL_Driver/Src/stm32g4xx_hal_cortex.c.obj
 .ARM.attributes
                0x000003ca       0x34 CMakeFiles/STM32Template.dir/Drivers/STM32G4xx_HAL_Driver/Src/stm32g4xx_hal_crc.c.obj
 .ARM.attributes
                0x000003fe       0x34 CMakeFiles/STM32Template.dir/Drivers/STM32G4xx_HAL_Driver/Src/stm32g4xx_hal_crc_ex.c.obj
 .ARM.attributes
                0x00000432       0x34 CMakeFiles/STM32Template.dir/Drivers/STM32G4xx_HAL_Driver/Src/stm32g4xx_hal_fdcan.c.obj
 .ARM.attributes
                0x00000466       0x34 CMakeFiles/STM32Template.dir/Core/Src/system_stm32g4xx.c.obj
 .ARM.attributes
                0x0000049a       0x21 CMakeFiles/STM32Template.dir/startup_stm32g474xx.s.obj
 .ARM.attributes
                0x000004bb       0x22 /usr/lib/gcc/arm-none-eabi/14.2.0/thumb/v7e-m+fp/hard/crtn.o
OUTPUT(STM32Template.elf elf32-littlearm)
LOAD linker stubs
LOAD /usr/lib/gcc/arm-none-eabi/14.2.0/../../../../arm-none-eabi/lib/thumb/v7e-m+fp/hard/libc.a
LOAD /usr/lib/gcc/arm-none-eabi/14.2.0/../../../../arm-none-eabi/lib/thumb/v7e-m+fp/hard/libm.a
LOAD /usr/lib/gcc/arm-none-eabi/14.2.0/thumb/v7e-m+fp/hard/libgcc.a

.debug_info     0x00000000     0xd4f7
 .debug_info    0x00000000       0xe0 /usr/lib/gcc/arm-none-eabi/14.2.0/../../../../arm-none-eabi/lib/thumb/v7e-m+fp/hard/libc_nano.a(libc_a-memset.o)
 .debug_info    0x000000e0      0x10b /usr/lib/gcc/arm-none-eabi/14.2.0/../../../../arm-none-eabi/lib/thumb/v7e-m+fp/hard/libc_nano.a(libc_a-init.o)
 .debug_info    0x000001eb      0x3c8 CMakeFiles/STM32Template.dir/Core/Src/main.c.obj
 .debug_info    0x000005b3      0x463 CMakeFiles/STM32Template.dir/Core/Src/gpio.c.obj
 .debug_info    0x00000a16      0xf4a CMakeFiles/STM32Template.dir/Core/Src/adc.c.obj
 .debug_info    0x00001960      0x4f5 CMakeFiles/STM32Template.dir/Core/Src/crc.c.obj
 .debug_info    0x00001e55      0xbcb CMakeFiles/STM32Template.dir/Core/Src/fdcan.c.obj
 .debug_info    0x00002a20      0x113 CMakeFiles/STM32Template.dir/Core/Src/stm32g4xx_it.c.obj
 .debug_info    0x00002b33      0x2da CMakeFiles/STM32Template.dir/Core/Src/stm32g4xx_hal_msp.c.obj
 .debug_info    0x00002e0d     0x2063 CMakeFiles/STM32Template.dir/Drivers/STM32G4xx_HAL_Driver/Src/stm32g4xx_hal_adc.c.obj
 .debug_info    0x00004e70     0x1d80 CMakeFiles/STM32Template.dir/Drivers/STM32G4xx_HAL_Driver/Src/stm32g4xx_hal_adc_ex.c.obj
 .debug_info    0x00006bf0      0xb95 CMakeFiles/STM32Template.dir/Drivers/STM32G4xx_HAL_Driver/Src/stm32g4xx_hal.c.obj
 .debug_info    0x00007785      0xbe0 CMakeFiles/STM32Template.dir/Drivers/STM32G4xx_HAL_Driver/Src/stm32g4xx_hal_rcc.c.obj
 .debug_info    0x00008365      0xc45 CMakeFiles/STM32Template.dir/Drivers/STM32G4xx_HAL_Driver/Src/stm32g4xx_hal_rcc_ex.c.obj
 .debug_info    0x00008faa      0x763 CMakeFiles/STM32Template.dir/Drivers/STM32G4xx_HAL_Driver/Src/stm32g4xx_hal_gpio.c.obj
 .debug_info    0x0000970d      0x93f CMakeFiles/STM32Template.dir/Drivers/STM32G4xx_HAL_Driver/Src/stm32g4xx_hal_pwr_ex.c.obj
 .debug_info    0x0000a04c      0xdf9 CMakeFiles/STM32Template.dir/Drivers/STM32G4xx_HAL_Driver/Src/stm32g4xx_hal_cortex.c.obj
 .debug_info    0x0000ae45      0x513 CMakeFiles/STM32Template.dir/Drivers/STM32G4xx_HAL_Driver/Src/stm32g4xx_hal_crc.c.obj
 .debug_info    0x0000b358      0x326 CMakeFiles/STM32Template.dir/Drivers/STM32G4xx_HAL_Driver/Src/stm32g4xx_hal_crc_ex.c.obj
 .debug_info    0x0000b67e     0x18bb CMakeFiles/STM32Template.dir/Drivers/STM32G4xx_HAL_Driver/Src/stm32g4xx_hal_fdcan.c.obj
 .debug_info    0x0000cf39      0x58e CMakeFiles/STM32Template.dir/Core/Src/system_stm32g4xx.c.obj
 .debug_info    0x0000d4c7       0x30 CMakeFiles/STM32Template.dir/startup_stm32g474xx.s.obj

.debug_abbrev   0x00000000     0x25f3
 .debug_abbrev  0x00000000       0x9e /usr/lib/gcc/arm-none-eabi/14.2.0/../../../../arm-none-eabi/lib/thumb/v7e-m+fp/hard/libc_nano.a(libc_a-memset.o)
 .debug_abbrev  0x0000009e       0xc9 /usr/lib/gcc/arm-none-eabi/14.2.0/../../../../arm-none-eabi/lib/thumb/v7e-m+fp/hard/libc_nano.a(libc_a-init.o)
 .debug_abbrev  0x00000167      0x1d6 CMakeFiles/STM32Template.dir/Core/Src/main.c.obj
 .debug_abbrev  0x0000033d      0x152 CMakeFiles/STM32Template.dir/Core/Src/gpio.c.obj
 .debug_abbrev  0x0000048f      0x1f1 CMakeFiles/STM32Template.dir/Core/Src/adc.c.obj
 .debug_abbrev  0x00000680      0x18b CMakeFiles/STM32Template.dir/Core/Src/crc.c.obj
 .debug_abbrev  0x0000080b      0x1d2 CMakeFiles/STM32Template.dir/Core/Src/fdcan.c.obj
 .debug_abbrev  0x000009dd       0x73 CMakeFiles/STM32Template.dir/Core/Src/stm32g4xx_it.c.obj
 .debug_abbrev  0x00000a50       0xd9 CMakeFiles/STM32Template.dir/Core/Src/stm32g4xx_hal_msp.c.obj
 .debug_abbrev  0x00000b29      0x2d3 CMakeFiles/STM32Template.dir/Drivers/STM32G4xx_HAL_Driver/Src/stm32g4xx_hal_adc.c.obj
 .debug_abbrev  0x00000dfc      0x2ee CMakeFiles/STM32Template.dir/Drivers/STM32G4xx_HAL_Driver/Src/stm32g4xx_hal_adc_ex.c.obj
 .debug_abbrev  0x000010ea      0x271 CMakeFiles/STM32Template.dir/Drivers/STM32G4xx_HAL_Driver/Src/stm32g4xx_hal.c.obj
 .debug_abbrev  0x0000135b      0x2c9 CMakeFiles/STM32Template.dir/Drivers/STM32G4xx_HAL_Driver/Src/stm32g4xx_hal_rcc.c.obj
 .debug_abbrev  0x00001624      0x258 CMakeFiles/STM32Template.dir/Drivers/STM32G4xx_HAL_Driver/Src/stm32g4xx_hal_rcc_ex.c.obj
 .debug_abbrev  0x0000187c      0x1cb CMakeFiles/STM32Template.dir/Drivers/STM32G4xx_HAL_Driver/Src/stm32g4xx_hal_gpio.c.obj
 .debug_abbrev  0x00001a47      0x22c CMakeFiles/STM32Template.dir/Drivers/STM32G4xx_HAL_Driver/Src/stm32g4xx_hal_pwr_ex.c.obj
 .debug_abbrev  0x00001c73      0x31c CMakeFiles/STM32Template.dir/Drivers/STM32G4xx_HAL_Driver/Src/stm32g4xx_hal_cortex.c.obj
 .debug_abbrev  0x00001f8f      0x1ee CMakeFiles/STM32Template.dir/Drivers/STM32G4xx_HAL_Driver/Src/stm32g4xx_hal_crc.c.obj
 .debug_abbrev  0x0000217d      0x151 CMakeFiles/STM32Template.dir/Drivers/STM32G4xx_HAL_Driver/Src/stm32g4xx_hal_crc_ex.c.obj
 .debug_abbrev  0x000022ce      0x1e7 CMakeFiles/STM32Template.dir/Drivers/STM32G4xx_HAL_Driver/Src/stm32g4xx_hal_fdcan.c.obj
 .debug_abbrev  0x000024b5      0x11a CMakeFiles/STM32Template.dir/Core/Src/system_stm32g4xx.c.obj
 .debug_abbrev  0x000025cf       0x24 CMakeFiles/STM32Template.dir/startup_stm32g474xx.s.obj

.debug_loclists
                0x00000000       0xa1
 .debug_loclists
                0x00000000       0x4d /usr/lib/gcc/arm-none-eabi/14.2.0/../../../../arm-none-eabi/lib/thumb/v7e-m+fp/hard/libc_nano.a(libc_a-memset.o)
 .debug_loclists
                0x0000004d       0x54 /usr/lib/gcc/arm-none-eabi/14.2.0/../../../../arm-none-eabi/lib/thumb/v7e-m+fp/hard/libc_nano.a(libc_a-init.o)

.debug_aranges  0x00000000      0xde8
 .debug_aranges
                0x00000000       0x20 /usr/lib/gcc/arm-none-eabi/14.2.0/../../../../arm-none-eabi/lib/thumb/v7e-m+fp/hard/libc_nano.a(libc_a-memset.o)
 .debug_aranges
                0x00000020       0x20 /usr/lib/gcc/arm-none-eabi/14.2.0/../../../../arm-none-eabi/lib/thumb/v7e-m+fp/hard/libc_nano.a(libc_a-init.o)
 .debug_aranges
                0x00000040       0x30 CMakeFiles/STM32Template.dir/Core/Src/main.c.obj
 .debug_aranges
                0x00000070       0x20 CMakeFiles/STM32Template.dir/Core/Src/gpio.c.obj
 .debug_aranges
                0x00000090       0x30 CMakeFiles/STM32Template.dir/Core/Src/adc.c.obj
 .debug_aranges
                0x000000c0       0x30 CMakeFiles/STM32Template.dir/Core/Src/crc.c.obj
 .debug_aranges
                0x000000f0       0x38 CMakeFiles/STM32Template.dir/Core/Src/fdcan.c.obj
 .debug_aranges
                0x00000128       0x60 CMakeFiles/STM32Template.dir/Core/Src/stm32g4xx_it.c.obj
 .debug_aranges
                0x00000188       0x20 CMakeFiles/STM32Template.dir/Core/Src/stm32g4xx_hal_msp.c.obj
 .debug_aranges
                0x000001a8      0x248 CMakeFiles/STM32Template.dir/Drivers/STM32G4xx_HAL_Driver/Src/stm32g4xx_hal_adc.c.obj
 .debug_aranges
                0x000003f0      0x1c0 CMakeFiles/STM32Template.dir/Drivers/STM32G4xx_HAL_Driver/Src/stm32g4xx_hal_adc_ex.c.obj
 .debug_aranges
                0x000005b0      0x148 CMakeFiles/STM32Template.dir/Drivers/STM32G4xx_HAL_Driver/Src/stm32g4xx_hal.c.obj
 .debug_aranges
                0x000006f8       0x98 CMakeFiles/STM32Template.dir/Drivers/STM32G4xx_HAL_Driver/Src/stm32g4xx_hal_rcc.c.obj
 .debug_aranges
                0x00000790       0xb0 CMakeFiles/STM32Template.dir/Drivers/STM32G4xx_HAL_Driver/Src/stm32g4xx_hal_rcc_ex.c.obj
 .debug_aranges
                0x00000840       0x58 CMakeFiles/STM32Template.dir/Drivers/STM32G4xx_HAL_Driver/Src/stm32g4xx_hal_gpio.c.obj
 .debug_aranges
                0x00000898      0x140 CMakeFiles/STM32Template.dir/Drivers/STM32G4xx_HAL_Driver/Src/stm32g4xx_hal_pwr_ex.c.obj
 .debug_aranges
                0x000009d8      0x128 CMakeFiles/STM32Template.dir/Drivers/STM32G4xx_HAL_Driver/Src/stm32g4xx_hal_cortex.c.obj
 .debug_aranges
                0x00000b00       0x60 CMakeFiles/STM32Template.dir/Drivers/STM32G4xx_HAL_Driver/Src/stm32g4xx_hal_crc.c.obj
 .debug_aranges
                0x00000b60       0x30 CMakeFiles/STM32Template.dir/Drivers/STM32G4xx_HAL_Driver/Src/stm32g4xx_hal_crc_ex.c.obj
 .debug_aranges
                0x00000b90      0x208 CMakeFiles/STM32Template.dir/Drivers/STM32G4xx_HAL_Driver/Src/stm32g4xx_hal_fdcan.c.obj
 .debug_aranges
                0x00000d98       0x28 CMakeFiles/STM32Template.dir/Core/Src/system_stm32g4xx.c.obj
 .debug_aranges
                0x00000dc0       0x28 CMakeFiles/STM32Template.dir/startup_stm32g474xx.s.obj

.debug_rnglists
                0x00000000      0xa50
 .debug_rnglists
                0x00000000       0x13 /usr/lib/gcc/arm-none-eabi/14.2.0/../../../../arm-none-eabi/lib/thumb/v7e-m+fp/hard/libc_nano.a(libc_a-memset.o)
 .debug_rnglists
                0x00000013       0x13 /usr/lib/gcc/arm-none-eabi/14.2.0/../../../../arm-none-eabi/lib/thumb/v7e-m+fp/hard/libc_nano.a(libc_a-init.o)
 .debug_rnglists
                0x00000026       0x20 CMakeFiles/STM32Template.dir/Core/Src/main.c.obj
 .debug_rnglists
                0x00000046       0x14 CMakeFiles/STM32Template.dir/Core/Src/gpio.c.obj
 .debug_rnglists
                0x0000005a       0x21 CMakeFiles/STM32Template.dir/Core/Src/adc.c.obj
 .debug_rnglists
                0x0000007b       0x1f CMakeFiles/STM32Template.dir/Core/Src/crc.c.obj
 .debug_rnglists
                0x0000009a       0x29 CMakeFiles/STM32Template.dir/Core/Src/fdcan.c.obj
 .debug_rnglists
                0x000000c3       0x43 CMakeFiles/STM32Template.dir/Core/Src/stm32g4xx_it.c.obj
 .debug_rnglists
                0x00000106       0x13 CMakeFiles/STM32Template.dir/Core/Src/stm32g4xx_hal_msp.c.obj
 .debug_rnglists
                0x00000119      0x1c0 CMakeFiles/STM32Template.dir/Drivers/STM32G4xx_HAL_Driver/Src/stm32g4xx_hal_adc.c.obj
 .debug_rnglists
                0x000002d9      0x15a CMakeFiles/STM32Template.dir/Drivers/STM32G4xx_HAL_Driver/Src/stm32g4xx_hal_adc_ex.c.obj
 .debug_rnglists
                0x00000433       0xf1 CMakeFiles/STM32Template.dir/Drivers/STM32G4xx_HAL_Driver/Src/stm32g4xx_hal.c.obj
 .debug_rnglists
                0x00000524       0x74 CMakeFiles/STM32Template.dir/Drivers/STM32G4xx_HAL_Driver/Src/stm32g4xx_hal_rcc.c.obj
 .debug_rnglists
                0x00000598       0x87 CMakeFiles/STM32Template.dir/Drivers/STM32G4xx_HAL_Driver/Src/stm32g4xx_hal_rcc_ex.c.obj
 .debug_rnglists
                0x0000061f       0x3f CMakeFiles/STM32Template.dir/Drivers/STM32G4xx_HAL_Driver/Src/stm32g4xx_hal_gpio.c.obj
 .debug_rnglists
                0x0000065e       0xf1 CMakeFiles/STM32Template.dir/Drivers/STM32G4xx_HAL_Driver/Src/stm32g4xx_hal_pwr_ex.c.obj
 .debug_rnglists
                0x0000074f       0xda CMakeFiles/STM32Template.dir/Drivers/STM32G4xx_HAL_Driver/Src/stm32g4xx_hal_cortex.c.obj
 .debug_rnglists
                0x00000829       0x47 CMakeFiles/STM32Template.dir/Drivers/STM32G4xx_HAL_Driver/Src/stm32g4xx_hal_crc.c.obj
 .debug_rnglists
                0x00000870       0x20 CMakeFiles/STM32Template.dir/Drivers/STM32G4xx_HAL_Driver/Src/stm32g4xx_hal_crc_ex.c.obj
 .debug_rnglists
                0x00000890      0x18d CMakeFiles/STM32Template.dir/Drivers/STM32G4xx_HAL_Driver/Src/stm32g4xx_hal_fdcan.c.obj
 .debug_rnglists
                0x00000a1d       0x1a CMakeFiles/STM32Template.dir/Core/Src/system_stm32g4xx.c.obj
 .debug_rnglists
                0x00000a37       0x19 CMakeFiles/STM32Template.dir/startup_stm32g474xx.s.obj

.debug_line     0x00000000     0xeaf3
 .debug_line    0x00000000      0x123 /usr/lib/gcc/arm-none-eabi/14.2.0/../../../../arm-none-eabi/lib/thumb/v7e-m+fp/hard/libc_nano.a(libc_a-memset.o)
 .debug_line    0x00000123      0x115 /usr/lib/gcc/arm-none-eabi/14.2.0/../../../../arm-none-eabi/lib/thumb/v7e-m+fp/hard/libc_nano.a(libc_a-init.o)
 .debug_line    0x00000238      0x701 CMakeFiles/STM32Template.dir/Core/Src/main.c.obj
 .debug_line    0x00000939      0x661 CMakeFiles/STM32Template.dir/Core/Src/gpio.c.obj
 .debug_line    0x00000f9a      0x718 CMakeFiles/STM32Template.dir/Core/Src/adc.c.obj
 .debug_line    0x000016b2      0x6a1 CMakeFiles/STM32Template.dir/Core/Src/crc.c.obj
 .debug_line    0x00001d53      0x7b0 CMakeFiles/STM32Template.dir/Core/Src/fdcan.c.obj
 .debug_line    0x00002503      0x701 CMakeFiles/STM32Template.dir/Core/Src/stm32g4xx_it.c.obj
 .debug_line    0x00002c04      0x654 CMakeFiles/STM32Template.dir/Core/Src/stm32g4xx_hal_msp.c.obj
 .debug_line    0x00003258     0x2159 CMakeFiles/STM32Template.dir/Drivers/STM32G4xx_HAL_Driver/Src/stm32g4xx_hal_adc.c.obj
 .debug_line    0x000053b1     0x1ab2 CMakeFiles/STM32Template.dir/Drivers/STM32G4xx_HAL_Driver/Src/stm32g4xx_hal_adc_ex.c.obj
 .debug_line    0x00006e63      0xa8b CMakeFiles/STM32Template.dir/Drivers/STM32G4xx_HAL_Driver/Src/stm32g4xx_hal.c.obj
 .debug_line    0x000078ee      0xf0e CMakeFiles/STM32Template.dir/Drivers/STM32G4xx_HAL_Driver/Src/stm32g4xx_hal_rcc.c.obj
 .debug_line    0x000087fc     0x1183 CMakeFiles/STM32Template.dir/Drivers/STM32G4xx_HAL_Driver/Src/stm32g4xx_hal_rcc_ex.c.obj
 .debug_line    0x0000997f      0xa64 CMakeFiles/STM32Template.dir/Drivers/STM32G4xx_HAL_Driver/Src/stm32g4xx_hal_gpio.c.obj
 .debug_line    0x0000a3e3      0xbea CMakeFiles/STM32Template.dir/Drivers/STM32G4xx_HAL_Driver/Src/stm32g4xx_hal_pwr_ex.c.obj
 .debug_line    0x0000afcd      0xbf0 CMakeFiles/STM32Template.dir/Drivers/STM32G4xx_HAL_Driver/Src/stm32g4xx_hal_cortex.c.obj
 .debug_line    0x0000bbbd      0x911 CMakeFiles/STM32Template.dir/Drivers/STM32G4xx_HAL_Driver/Src/stm32g4xx_hal_crc.c.obj
 .debug_line    0x0000c4ce      0x70f CMakeFiles/STM32Template.dir/Drivers/STM32G4xx_HAL_Driver/Src/stm32g4xx_hal_crc_ex.c.obj
 .debug_line    0x0000cbdd     0x17dc CMakeFiles/STM32Template.dir/Drivers/STM32G4xx_HAL_Driver/Src/stm32g4xx_hal_fdcan.c.obj
 .debug_line    0x0000e3b9      0x6bf CMakeFiles/STM32Template.dir/Core/Src/system_stm32g4xx.c.obj
 .debug_line    0x0000ea78       0x7b CMakeFiles/STM32Template.dir/startup_stm32g474xx.s.obj

.debug_str      0x00000000    0xfe1b0
 .debug_str     0x00000000    0xfe1b0 /usr/lib/gcc/arm-none-eabi/14.2.0/../../../../arm-none-eabi/lib/thumb/v7e-m+fp/hard/libc_nano.a(libc_a-memset.o)
                                0x1bf (size before relaxing)
 .debug_str     0x000fe1b0      0x220 /usr/lib/gcc/arm-none-eabi/14.2.0/../../../../arm-none-eabi/lib/thumb/v7e-m+fp/hard/libc_nano.a(libc_a-init.o)
 .debug_str     0x000fe1b0    0xf8d47 CMakeFiles/STM32Template.dir/Core/Src/main.c.obj
 .debug_str     0x000fe1b0    0xf8cca CMakeFiles/STM32Template.dir/Core/Src/gpio.c.obj
 .debug_str     0x000fe1b0    0xf9548 CMakeFiles/STM32Template.dir/Core/Src/adc.c.obj
 .debug_str     0x000fe1b0    0xf8e11 CMakeFiles/STM32Template.dir/Core/Src/crc.c.obj
 .debug_str     0x000fe1b0    0xf9285 CMakeFiles/STM32Template.dir/Core/Src/fdcan.c.obj
 .debug_str     0x000fe1b0    0xf8b2f CMakeFiles/STM32Template.dir/Core/Src/stm32g4xx_it.c.obj
 .debug_str     0x000fe1b0    0xf8c20 CMakeFiles/STM32Template.dir/Core/Src/stm32g4xx_hal_msp.c.obj
 .debug_str     0x000fe1b0    0xf9cdc CMakeFiles/STM32Template.dir/Drivers/STM32G4xx_HAL_Driver/Src/stm32g4xx_hal_adc.c.obj
 .debug_str     0x000fe1b0    0xf9c82 CMakeFiles/STM32Template.dir/Drivers/STM32G4xx_HAL_Driver/Src/stm32g4xx_hal_adc_ex.c.obj
 .debug_str     0x000fe1b0    0xf99c1 CMakeFiles/STM32Template.dir/Drivers/STM32G4xx_HAL_Driver/Src/stm32g4xx_hal.c.obj
 .debug_str     0x000fe1b0    0xf93ce CMakeFiles/STM32Template.dir/Drivers/STM32G4xx_HAL_Driver/Src/stm32g4xx_hal_rcc.c.obj
 .debug_str     0x000fe1b0    0xf93f8 CMakeFiles/STM32Template.dir/Drivers/STM32G4xx_HAL_Driver/Src/stm32g4xx_hal_rcc_ex.c.obj
 .debug_str     0x000fe1b0    0xf8e3a CMakeFiles/STM32Template.dir/Drivers/STM32G4xx_HAL_Driver/Src/stm32g4xx_hal_gpio.c.obj
 .debug_str     0x000fe1b0    0xf919d CMakeFiles/STM32Template.dir/Drivers/STM32G4xx_HAL_Driver/Src/stm32g4xx_hal_pwr_ex.c.obj
 .debug_str     0x000fe1b0    0xf967d CMakeFiles/STM32Template.dir/Drivers/STM32G4xx_HAL_Driver/Src/stm32g4xx_hal_cortex.c.obj
 .debug_str     0x000fe1b0    0xf8d66 CMakeFiles/STM32Template.dir/Drivers/STM32G4xx_HAL_Driver/Src/stm32g4xx_hal_crc.c.obj
 .debug_str     0x000fe1b0    0xf8d0c CMakeFiles/STM32Template.dir/Drivers/STM32G4xx_HAL_Driver/Src/stm32g4xx_hal_crc_ex.c.obj
 .debug_str     0x000fe1b0    0xfa25e CMakeFiles/STM32Template.dir/Drivers/STM32G4xx_HAL_Driver/Src/stm32g4xx_hal_fdcan.c.obj
 .debug_str     0x000fe1b0    0xf8caf CMakeFiles/STM32Template.dir/Core/Src/system_stm32g4xx.c.obj
 .debug_str     0x000fe1b0       0x90 CMakeFiles/STM32Template.dir/startup_stm32g474xx.s.obj

.comment        0x00000000       0x3c
 .comment       0x00000000       0x3c /usr/lib/gcc/arm-none-eabi/14.2.0/../../../../arm-none-eabi/lib/thumb/v7e-m+fp/hard/libc_nano.a(libc_a-memset.o)
                                 0x1f (size before relaxing)
 .comment       0x0000003c       0x1f /usr/lib/gcc/arm-none-eabi/14.2.0/../../../../arm-none-eabi/lib/thumb/v7e-m+fp/hard/libc_nano.a(libc_a-init.o)
 .comment       0x0000003c       0x1f CMakeFiles/STM32Template.dir/Core/Src/main.c.obj
 .comment       0x0000003c       0x1f CMakeFiles/STM32Template.dir/Core/Src/gpio.c.obj
 .comment       0x0000003c       0x1f CMakeFiles/STM32Template.dir/Core/Src/adc.c.obj
 .comment       0x0000003c       0x1f CMakeFiles/STM32Template.dir/Core/Src/crc.c.obj
 .comment       0x0000003c       0x1f CMakeFiles/STM32Template.dir/Core/Src/fdcan.c.obj
 .comment       0x0000003c       0x1f CMakeFiles/STM32Template.dir/Core/Src/stm32g4xx_it.c.obj
 .comment       0x0000003c       0x1f CMakeFiles/STM32Template.dir/Core/Src/stm32g4xx_hal_msp.c.obj
 .comment       0x0000003c       0x1f CMakeFiles/STM32Template.dir/Drivers/STM32G4xx_HAL_Driver/Src/stm32g4xx_hal_adc.c.obj
 .comment       0x0000003c       0x1f CMakeFiles/STM32Template.dir/Drivers/STM32G4xx_HAL_Driver/Src/stm32g4xx_hal_adc_ex.c.obj
 .comment       0x0000003c       0x1f CMakeFiles/STM32Template.dir/Drivers/STM32G4xx_HAL_Driver/Src/stm32g4xx_hal.c.obj
 .comment       0x0000003c       0x1f CMakeFiles/STM32Template.dir/Drivers/STM32G4xx_HAL_Driver/Src/stm32g4xx_hal_rcc.c.obj
 .comment       0x0000003c       0x1f CMakeFiles/STM32Template.dir/Drivers/STM32G4xx_HAL_Driver/Src/stm32g4xx_hal_rcc_ex.c.obj
 .comment       0x0000003c       0x1f CMakeFiles/STM32Template.dir/Drivers/STM32G4xx_HAL_Driver/Src/stm32g4xx_hal_gpio.c.obj
 .comment       0x0000003c       0x1f CMakeFiles/STM32Template.dir/Drivers/STM32G4xx_HAL_Driver/Src/stm32g4xx_hal_pwr_ex.c.obj
 .comment       0x0000003c       0x1f CMakeFiles/STM32Template.dir/Drivers/STM32G4xx_HAL_Driver/Src/stm32g4xx_hal_cortex.c.obj
 .comment       0x0000003c       0x1f CMakeFiles/STM32Template.dir/Drivers/STM32G4xx_HAL_Driver/Src/stm32g4xx_hal_crc.c.obj
 .comment       0x0000003c       0x1f CMakeFiles/STM32Template.dir/Drivers/STM32G4xx_HAL_Driver/Src/stm32g4xx_hal_crc_ex.c.obj
 .comment       0x0000003c       0x1f CMakeFiles/STM32Template.dir/Drivers/STM32G4xx_HAL_Driver/Src/stm32g4xx_hal_fdcan.c.obj
 .comment       0x0000003c       0x1f CMakeFiles/STM32Template.dir/Core/Src/system_stm32g4xx.c.obj

.debug_frame    0x00000000     0x37a8
 .debug_frame   0x00000000       0x20 /usr/lib/gcc/arm-none-eabi/14.2.0/../../../../arm-none-eabi/lib/thumb/v7e-m+fp/hard/libc_nano.a(libc_a-memset.o)
 .debug_frame   0x00000020       0x2c /usr/lib/gcc/arm-none-eabi/14.2.0/../../../../arm-none-eabi/lib/thumb/v7e-m+fp/hard/libc_nano.a(libc_a-init.o)
 .debug_frame   0x0000004c       0x68 CMakeFiles/STM32Template.dir/Core/Src/main.c.obj
 .debug_frame   0x000000b4       0x34 CMakeFiles/STM32Template.dir/Core/Src/gpio.c.obj
 .debug_frame   0x000000e8       0x80 CMakeFiles/STM32Template.dir/Core/Src/adc.c.obj
 .debug_frame   0x00000168       0x7c CMakeFiles/STM32Template.dir/Core/Src/crc.c.obj
 .debug_frame   0x000001e4       0x94 CMakeFiles/STM32Template.dir/Core/Src/fdcan.c.obj
 .debug_frame   0x00000278      0x104 CMakeFiles/STM32Template.dir/Core/Src/stm32g4xx_it.c.obj
 .debug_frame   0x0000037c       0x34 CMakeFiles/STM32Template.dir/Core/Src/stm32g4xx_hal_msp.c.obj
 .debug_frame   0x000003b0      0xacc CMakeFiles/STM32Template.dir/Drivers/STM32G4xx_HAL_Driver/Src/stm32g4xx_hal_adc.c.obj
 .debug_frame   0x00000e7c      0x81c CMakeFiles/STM32Template.dir/Drivers/STM32G4xx_HAL_Driver/Src/stm32g4xx_hal_adc_ex.c.obj
 .debug_frame   0x00001698      0x500 CMakeFiles/STM32Template.dir/Drivers/STM32G4xx_HAL_Driver/Src/stm32g4xx_hal.c.obj
 .debug_frame   0x00001b98      0x23c CMakeFiles/STM32Template.dir/Drivers/STM32G4xx_HAL_Driver/Src/stm32g4xx_hal_rcc.c.obj
 .debug_frame   0x00001dd4      0x2ac CMakeFiles/STM32Template.dir/Drivers/STM32G4xx_HAL_Driver/Src/stm32g4xx_hal_rcc_ex.c.obj
 .debug_frame   0x00002080      0x14c CMakeFiles/STM32Template.dir/Drivers/STM32G4xx_HAL_Driver/Src/stm32g4xx_hal_gpio.c.obj
 .debug_frame   0x000021cc      0x4fc CMakeFiles/STM32Template.dir/Drivers/STM32G4xx_HAL_Driver/Src/stm32g4xx_hal_pwr_ex.c.obj
 .debug_frame   0x000026c8      0x4e8 CMakeFiles/STM32Template.dir/Drivers/STM32G4xx_HAL_Driver/Src/stm32g4xx_hal_cortex.c.obj
 .debug_frame   0x00002bb0      0x168 CMakeFiles/STM32Template.dir/Drivers/STM32G4xx_HAL_Driver/Src/stm32g4xx_hal_crc.c.obj
 .debug_frame   0x00002d18       0x88 CMakeFiles/STM32Template.dir/Drivers/STM32G4xx_HAL_Driver/Src/stm32g4xx_hal_crc_ex.c.obj
 .debug_frame   0x00002da0      0x9b0 CMakeFiles/STM32Template.dir/Drivers/STM32G4xx_HAL_Driver/Src/stm32g4xx_hal_fdcan.c.obj
 .debug_frame   0x00003750       0x58 CMakeFiles/STM32Template.dir/Core/Src/system_stm32g4xx.c.obj

.debug_macro    0x00000000    0x2709b
 .debug_macro   0x00000000      0x23c CMakeFiles/STM32Template.dir/Core/Src/main.c.obj
 .debug_macro   0x0000023c      0xad8 CMakeFiles/STM32Template.dir/Core/Src/main.c.obj
 .debug_macro   0x00000d14      0x167 CMakeFiles/STM32Template.dir/Core/Src/main.c.obj
 .debug_macro   0x00000e7b       0x2e CMakeFiles/STM32Template.dir/Core/Src/main.c.obj
 .debug_macro   0x00000ea9       0x28 CMakeFiles/STM32Template.dir/Core/Src/main.c.obj
 .debug_macro   0x00000ed1       0x22 CMakeFiles/STM32Template.dir/Core/Src/main.c.obj
 .debug_macro   0x00000ef3       0x8e CMakeFiles/STM32Template.dir/Core/Src/main.c.obj
 .debug_macro   0x00000f81       0x51 CMakeFiles/STM32Template.dir/Core/Src/main.c.obj
 .debug_macro   0x00000fd2      0x103 CMakeFiles/STM32Template.dir/Core/Src/main.c.obj
 .debug_macro   0x000010d5       0x6a CMakeFiles/STM32Template.dir/Core/Src/main.c.obj
 .debug_macro   0x0000113f      0x1df CMakeFiles/STM32Template.dir/Core/Src/main.c.obj
 .debug_macro   0x0000131e       0x1c CMakeFiles/STM32Template.dir/Core/Src/main.c.obj
 .debug_macro   0x0000133a       0x22 CMakeFiles/STM32Template.dir/Core/Src/main.c.obj
 .debug_macro   0x0000135c       0xfb CMakeFiles/STM32Template.dir/Core/Src/main.c.obj
 .debug_macro   0x00001457     0x1011 CMakeFiles/STM32Template.dir/Core/Src/main.c.obj
 .debug_macro   0x00002468      0x11f CMakeFiles/STM32Template.dir/Core/Src/main.c.obj
 .debug_macro   0x00002587    0x18b45 CMakeFiles/STM32Template.dir/Core/Src/main.c.obj
 .debug_macro   0x0001b0cc       0x6d CMakeFiles/STM32Template.dir/Core/Src/main.c.obj
 .debug_macro   0x0001b139     0x3551 CMakeFiles/STM32Template.dir/Core/Src/main.c.obj
 .debug_macro   0x0001e68a      0x190 CMakeFiles/STM32Template.dir/Core/Src/main.c.obj
 .debug_macro   0x0001e81a       0x5c CMakeFiles/STM32Template.dir/Core/Src/main.c.obj
 .debug_macro   0x0001e876     0x171f CMakeFiles/STM32Template.dir/Core/Src/main.c.obj
 .debug_macro   0x0001ff95      0x600 CMakeFiles/STM32Template.dir/Core/Src/main.c.obj
 .debug_macro   0x00020595      0x1b6 CMakeFiles/STM32Template.dir/Core/Src/main.c.obj
 .debug_macro   0x0002074b      0x34a CMakeFiles/STM32Template.dir/Core/Src/main.c.obj
 .debug_macro   0x00020a95      0x53c CMakeFiles/STM32Template.dir/Core/Src/main.c.obj
 .debug_macro   0x00020fd1      0x18b CMakeFiles/STM32Template.dir/Core/Src/main.c.obj
 .debug_macro   0x0002115c       0x43 CMakeFiles/STM32Template.dir/Core/Src/main.c.obj
 .debug_macro   0x0002119f      0x23d CMakeFiles/STM32Template.dir/Core/Src/main.c.obj
 .debug_macro   0x000213dc     0x1112 CMakeFiles/STM32Template.dir/Core/Src/main.c.obj
 .debug_macro   0x000224ee      0x72e CMakeFiles/STM32Template.dir/Core/Src/main.c.obj
 .debug_macro   0x00022c1c      0x391 CMakeFiles/STM32Template.dir/Core/Src/main.c.obj
 .debug_macro   0x00022fad       0xc7 CMakeFiles/STM32Template.dir/Core/Src/main.c.obj
 .debug_macro   0x00023074       0x4c CMakeFiles/STM32Template.dir/Core/Src/main.c.obj
 .debug_macro   0x000230c0      0x211 CMakeFiles/STM32Template.dir/Core/Src/main.c.obj
 .debug_macro   0x000232d1      0x6bd CMakeFiles/STM32Template.dir/Core/Src/main.c.obj
 .debug_macro   0x0002398e      0x45c CMakeFiles/STM32Template.dir/Core/Src/main.c.obj
 .debug_macro   0x00023dea      0x11c CMakeFiles/STM32Template.dir/Core/Src/main.c.obj
 .debug_macro   0x00023f06      0x122 CMakeFiles/STM32Template.dir/Core/Src/main.c.obj
 .debug_macro   0x00024028      0x3d1 CMakeFiles/STM32Template.dir/Core/Src/main.c.obj
 .debug_macro   0x000243f9      0x2fe CMakeFiles/STM32Template.dir/Core/Src/main.c.obj
 .debug_macro   0x000246f7      0x358 CMakeFiles/STM32Template.dir/Core/Src/main.c.obj
 .debug_macro   0x00024a4f      0x210 CMakeFiles/STM32Template.dir/Core/Src/gpio.c.obj
 .debug_macro   0x00024c5f      0x210 CMakeFiles/STM32Template.dir/Core/Src/adc.c.obj
 .debug_macro   0x00024e6f      0x210 CMakeFiles/STM32Template.dir/Core/Src/crc.c.obj
 .debug_macro   0x0002507f      0x210 CMakeFiles/STM32Template.dir/Core/Src/fdcan.c.obj
 .debug_macro   0x0002528f      0x210 CMakeFiles/STM32Template.dir/Core/Src/stm32g4xx_it.c.obj
 .debug_macro   0x0002549f      0x206 CMakeFiles/STM32Template.dir/Core/Src/stm32g4xx_hal_msp.c.obj
 .debug_macro   0x000256a5      0x219 CMakeFiles/STM32Template.dir/Drivers/STM32G4xx_HAL_Driver/Src/stm32g4xx_hal_adc.c.obj
 .debug_macro   0x000258be      0x208 CMakeFiles/STM32Template.dir/Drivers/STM32G4xx_HAL_Driver/Src/stm32g4xx_hal_adc_ex.c.obj
 .debug_macro   0x00025ac6      0x24a CMakeFiles/STM32Template.dir/Drivers/STM32G4xx_HAL_Driver/Src/stm32g4xx_hal.c.obj
 .debug_macro   0x00025d10      0x23e CMakeFiles/STM32Template.dir/Drivers/STM32G4xx_HAL_Driver/Src/stm32g4xx_hal_rcc.c.obj
 .debug_macro   0x00025f4e      0x226 CMakeFiles/STM32Template.dir/Drivers/STM32G4xx_HAL_Driver/Src/stm32g4xx_hal_rcc_ex.c.obj
 .debug_macro   0x00026174      0x203 CMakeFiles/STM32Template.dir/Drivers/STM32G4xx_HAL_Driver/Src/stm32g4xx_hal_gpio.c.obj
 .debug_macro   0x00026377      0x226 CMakeFiles/STM32Template.dir/Drivers/STM32G4xx_HAL_Driver/Src/stm32g4xx_hal_pwr_ex.c.obj
 .debug_macro   0x0002659d      0x1fc CMakeFiles/STM32Template.dir/Drivers/STM32G4xx_HAL_Driver/Src/stm32g4xx_hal_cortex.c.obj
 .debug_macro   0x00026799      0x1fc CMakeFiles/STM32Template.dir/Drivers/STM32G4xx_HAL_Driver/Src/stm32g4xx_hal_crc.c.obj
 .debug_macro   0x00026995      0x1fc CMakeFiles/STM32Template.dir/Drivers/STM32G4xx_HAL_Driver/Src/stm32g4xx_hal_crc_ex.c.obj
 .debug_macro   0x00026b91      0x30e CMakeFiles/STM32Template.dir/Drivers/STM32G4xx_HAL_Driver/Src/stm32g4xx_hal_fdcan.c.obj
 .debug_macro   0x00026e9f      0x1fc CMakeFiles/STM32Template.dir/Core/Src/system_stm32g4xx.c.obj

.debug_line_str
                0x00000000       0x76
 .debug_line_str
                0x00000000       0x76 CMakeFiles/STM32Template.dir/startup_stm32g474xx.s.obj
